2025-01-14 09:13:10,843 - automation-to-send-curriculum-web - INFO - E-mail: helen.matos@nexmuv.com.br sent sucessfully, Recruiter: Helen Matos, Techonology: node
2025-01-14 09:13:12,864 - automation-to-send-curriculum-web - INFO - File moved from C:\github\joaoG23\pessoal\Automation-to-send-curriculum\web\import\jobs.csv to C:\github\joaoG23\pessoal\Automation-to-send-curriculum\web\exported\20250114091210.csv
2025-01-14 09:13:12,864 - automation-to-send-curriculum-web - INFO - Resumes sent with success!1
2025-01-14 12:58:34,326 - automation-to-send-curriculum-web - ERROR - Exception: Traceback (most recent call last):
  File "parsers.pyx", line 1120, in pandas._libs.parsers.TextReader._convert_tokens
  File "parsers.pyx", line 1272, in pandas._libs.parsers.TextReader._convert_with_dtype
  File "parsers.pyx", line 1285, in pandas._libs.parsers.TextReader._string_convert
  File "parsers.pyx", line 1535, in pandas._libs.parsers._string_box_utf8
UnicodeDecodeError: 'utf-8' codec can't decode byte 0xfa in position 31: invalid start byte

During handling of the above exception, another exception occurred:

Traceback (most recent call last):
  File "C:\github\joaoG23\pessoal\Automation-to-send-curriculum\web\__init__.py", line 69, in <module>
    if not verify_email_sent_by_line_csv(i):
           ^^^^^^^^^^^^^^^^^^^^^^^^^^^^^^^^
  File "C:\github\joaoG23\pessoal\Automation-to-send-curriculum\web\send_emails\verify_email_sent_by_line_csv\verify_email_sent_by_line_csv.py", line 5, in verify_email_sent_by_line_csv
    df = pd.read_csv('import/jobs.csv', sep=';', encoding='utf-8')
         ^^^^^^^^^^^^^^^^^^^^^^^^^^^^^^^^^^^^^^^^^^^^^^^^^^^^^^^^^
  File "C:\Users\joaog\AppData\Local\Programs\Python\Python312\Lib\site-packages\pandas\io\parsers\readers.py", line 1026, in read_csv
    return _read(filepath_or_buffer, kwds)
           ^^^^^^^^^^^^^^^^^^^^^^^^^^^^^^^
  File "C:\Users\joaog\AppData\Local\Programs\Python\Python312\Lib\site-packages\pandas\io\parsers\readers.py", line 626, in _read
    return parser.read(nrows)
           ^^^^^^^^^^^^^^^^^^
  File "C:\Users\joaog\AppData\Local\Programs\Python\Python312\Lib\site-packages\pandas\io\parsers\readers.py", line 1923, in read
    ) = self._engine.read(  # type: ignore[attr-defined]
        ^^^^^^^^^^^^^^^^^^^^^^^^^^^^^^^^^^^^^^^^^^^^^^^^
  File "C:\Users\joaog\AppData\Local\Programs\Python\Python312\Lib\site-packages\pandas\io\parsers\c_parser_wrapper.py", line 234, in read
    chunks = self._reader.read_low_memory(nrows)
             ^^^^^^^^^^^^^^^^^^^^^^^^^^^^^^^^^^^
  File "parsers.pyx", line 838, in pandas._libs.parsers.TextReader.read_low_memory
  File "parsers.pyx", line 921, in pandas._libs.parsers.TextReader._read_rows
  File "parsers.pyx", line 1066, in pandas._libs.parsers.TextReader._convert_column_data
  File "parsers.pyx", line 1127, in pandas._libs.parsers.TextReader._convert_tokens
  File "parsers.pyx", line 1272, in pandas._libs.parsers.TextReader._convert_with_dtype
  File "parsers.pyx", line 1285, in pandas._libs.parsers.TextReader._string_convert
  File "parsers.pyx", line 1535, in pandas._libs.parsers._string_box_utf8
UnicodeDecodeError: 'utf-8' codec can't decode byte 0xfa in position 31: invalid start byte

2025-01-14 13:00:55,894 - automation-to-send-curriculum-web - INFO - E-mail: camila.conde@triggolabs.com sent sucessfully, Recruiter: Camila Conde, Techonology: frontend
2025-01-14 13:01:55,872 - automation-to-send-curriculum-web - INFO - E-mail: Rafaela.gonzalez@nava.com.br sent sucessfully, Recruiter: Rafaela, Techonology: java
2025-01-14 13:02:55,623 - automation-to-send-curriculum-web - INFO - E-mail: Rafaela.gonzalez@nava.com.br sent sucessfully, Recruiter: Rafaela, Techonology: python
2025-01-14 13:03:55,505 - automation-to-send-curriculum-web - INFO - E-mail: administrativo@petize.com.br sent sucessfully, Recruiter: Ruan Pablo, Techonology: frontend
2025-01-14 13:04:56,483 - automation-to-send-curriculum-web - INFO - E-mail: marina@conectacapitalhumano.com sent sucessfully, Recruiter: Marina, Techonology: python
2025-01-14 13:05:56,792 - automation-to-send-curriculum-web - INFO - E-mail: yasmin.souza@souyess.com.br sent sucessfully, Recruiter: Yasmin Souza, Techonology: frontend
2025-01-14 13:06:56,858 - automation-to-send-curriculum-web - INFO - E-mail: yasmin.souza@souyess.com.br sent sucessfully, Recruiter: Yasmin Souza, Techonology: java
2025-01-14 13:06:58,869 - automation-to-send-curriculum-web - INFO - File moved from C:\github\joaoG23\pessoal\Automation-to-send-curriculum\web\import\jobs.csv to C:\github\joaoG23\pessoal\Automation-to-send-curriculum\web\exported\20250114125955.csv
2025-01-14 13:06:58,869 - automation-to-send-curriculum-web - INFO - Resumes sent with success!7
2025-01-15 14:39:37,759 - automation-to-send-curriculum-web - ERROR - Exception: Traceback (most recent call last):
  File "parsers.pyx", line 1120, in pandas._libs.parsers.TextReader._convert_tokens
  File "parsers.pyx", line 1272, in pandas._libs.parsers.TextReader._convert_with_dtype
  File "parsers.pyx", line 1285, in pandas._libs.parsers.TextReader._string_convert
  File "parsers.pyx", line 1535, in pandas._libs.parsers._string_box_utf8
UnicodeDecodeError: 'utf-8' codec can't decode byte 0xed in position 31: invalid continuation byte

During handling of the above exception, another exception occurred:

Traceback (most recent call last):
  File "C:\github\joaoG23\pessoal\Automation-to-send-curriculum\web\__init__.py", line 69, in <module>
    if not verify_email_sent_by_line_csv(i):
           ^^^^^^^^^^^^^^^^^^^^^^^^^^^^^^^^
  File "C:\github\joaoG23\pessoal\Automation-to-send-curriculum\web\send_emails\verify_email_sent_by_line_csv\verify_email_sent_by_line_csv.py", line 5, in verify_email_sent_by_line_csv
    df = pd.read_csv('import/jobs.csv', sep=';', encoding='utf-8')
         ^^^^^^^^^^^^^^^^^^^^^^^^^^^^^^^^^^^^^^^^^^^^^^^^^^^^^^^^^
  File "C:\Users\joaog\AppData\Local\Programs\Python\Python312\Lib\site-packages\pandas\io\parsers\readers.py", line 1026, in read_csv
    return _read(filepath_or_buffer, kwds)
           ^^^^^^^^^^^^^^^^^^^^^^^^^^^^^^^
  File "C:\Users\joaog\AppData\Local\Programs\Python\Python312\Lib\site-packages\pandas\io\parsers\readers.py", line 626, in _read
    return parser.read(nrows)
           ^^^^^^^^^^^^^^^^^^
  File "C:\Users\joaog\AppData\Local\Programs\Python\Python312\Lib\site-packages\pandas\io\parsers\readers.py", line 1923, in read
    ) = self._engine.read(  # type: ignore[attr-defined]
        ^^^^^^^^^^^^^^^^^^^^^^^^^^^^^^^^^^^^^^^^^^^^^^^^
  File "C:\Users\joaog\AppData\Local\Programs\Python\Python312\Lib\site-packages\pandas\io\parsers\c_parser_wrapper.py", line 234, in read
    chunks = self._reader.read_low_memory(nrows)
             ^^^^^^^^^^^^^^^^^^^^^^^^^^^^^^^^^^^
  File "parsers.pyx", line 838, in pandas._libs.parsers.TextReader.read_low_memory
  File "parsers.pyx", line 921, in pandas._libs.parsers.TextReader._read_rows
  File "parsers.pyx", line 1066, in pandas._libs.parsers.TextReader._convert_column_data
  File "parsers.pyx", line 1127, in pandas._libs.parsers.TextReader._convert_tokens
  File "parsers.pyx", line 1272, in pandas._libs.parsers.TextReader._convert_with_dtype
  File "parsers.pyx", line 1285, in pandas._libs.parsers.TextReader._string_convert
  File "parsers.pyx", line 1535, in pandas._libs.parsers._string_box_utf8
UnicodeDecodeError: 'utf-8' codec can't decode byte 0xed in position 31: invalid continuation byte

2025-01-15 14:40:04,571 - automation-to-send-curriculum-web - ERROR - Exception: Traceback (most recent call last):
  File "parsers.pyx", line 1120, in pandas._libs.parsers.TextReader._convert_tokens
  File "parsers.pyx", line 1272, in pandas._libs.parsers.TextReader._convert_with_dtype
  File "parsers.pyx", line 1285, in pandas._libs.parsers.TextReader._string_convert
  File "parsers.pyx", line 1535, in pandas._libs.parsers._string_box_utf8
UnicodeDecodeError: 'utf-8' codec can't decode byte 0xed in position 31: invalid continuation byte

During handling of the above exception, another exception occurred:

Traceback (most recent call last):
  File "C:\github\joaoG23\pessoal\Automation-to-send-curriculum\web\__init__.py", line 69, in <module>
    if not verify_email_sent_by_line_csv(i):
           ^^^^^^^^^^^^^^^^^^^^^^^^^^^^^^^^
  File "C:\github\joaoG23\pessoal\Automation-to-send-curriculum\web\send_emails\verify_email_sent_by_line_csv\verify_email_sent_by_line_csv.py", line 5, in verify_email_sent_by_line_csv
    df = pd.read_csv('import/jobs.csv', sep=';', encoding='utf-8')
         ^^^^^^^^^^^^^^^^^^^^^^^^^^^^^^^^^^^^^^^^^^^^^^^^^^^^^^^^^
  File "C:\Users\joaog\AppData\Local\Programs\Python\Python312\Lib\site-packages\pandas\io\parsers\readers.py", line 1026, in read_csv
    return _read(filepath_or_buffer, kwds)
           ^^^^^^^^^^^^^^^^^^^^^^^^^^^^^^^
  File "C:\Users\joaog\AppData\Local\Programs\Python\Python312\Lib\site-packages\pandas\io\parsers\readers.py", line 626, in _read
    return parser.read(nrows)
           ^^^^^^^^^^^^^^^^^^
  File "C:\Users\joaog\AppData\Local\Programs\Python\Python312\Lib\site-packages\pandas\io\parsers\readers.py", line 1923, in read
    ) = self._engine.read(  # type: ignore[attr-defined]
        ^^^^^^^^^^^^^^^^^^^^^^^^^^^^^^^^^^^^^^^^^^^^^^^^
  File "C:\Users\joaog\AppData\Local\Programs\Python\Python312\Lib\site-packages\pandas\io\parsers\c_parser_wrapper.py", line 234, in read
    chunks = self._reader.read_low_memory(nrows)
             ^^^^^^^^^^^^^^^^^^^^^^^^^^^^^^^^^^^
  File "parsers.pyx", line 838, in pandas._libs.parsers.TextReader.read_low_memory
  File "parsers.pyx", line 921, in pandas._libs.parsers.TextReader._read_rows
  File "parsers.pyx", line 1066, in pandas._libs.parsers.TextReader._convert_column_data
  File "parsers.pyx", line 1127, in pandas._libs.parsers.TextReader._convert_tokens
  File "parsers.pyx", line 1272, in pandas._libs.parsers.TextReader._convert_with_dtype
  File "parsers.pyx", line 1285, in pandas._libs.parsers.TextReader._string_convert
  File "parsers.pyx", line 1535, in pandas._libs.parsers._string_box_utf8
UnicodeDecodeError: 'utf-8' codec can't decode byte 0xed in position 31: invalid continuation byte

2025-01-15 14:46:50,552 - automation-to-send-curriculum-web - INFO - E-mail: jaquelinekreitlow@agtalentos.com.br sent sucessfully, Recruiter: Recrutador(a), Techonology: frontend
2025-01-15 14:47:49,186 - automation-to-send-curriculum-web - INFO - E-mail: rh@spycar.com.br sent sucessfully, Recruiter: Spycar, Techonology: fullstack
2025-01-15 14:48:47,791 - automation-to-send-curriculum-web - INFO - E-mail: rh.beierconsultoria@gmail.com.br sent sucessfully, Recruiter: Beier Consultoria, Techonology: python
2025-01-15 14:49:46,665 - automation-to-send-curriculum-web - INFO - E-mail: daiane.cortez@experis.com.br sent sucessfully, Recruiter: Daiane Cortez, Techonology: fullstack
2025-01-15 14:50:45,229 - automation-to-send-curriculum-web - INFO - E-mail: daiane.cortez@experis.com.br sent sucessfully, Recruiter: Daiane Cortez, Techonology: fullstack
2025-01-15 14:51:44,024 - automation-to-send-curriculum-web - INFO - E-mail: fhrans.alves@experis.com.br sent sucessfully, Recruiter: Fhrans Sales, Techonology: fullstack
2025-01-15 14:52:43,368 - automation-to-send-curriculum-web - INFO - E-mail: luiza.costa@experis.com.br sent sucessfully, Recruiter: Luiza Jardelino , Techonology: java
2025-01-15 14:53:42,306 - automation-to-send-curriculum-web - INFO - E-mail: fernanda.ruiz@am53.com.br sent sucessfully, Recruiter: Fernanda Ruiz, Techonology: node
2025-01-15 14:54:41,445 - automation-to-send-curriculum-web - INFO - E-mail: fernanda.ruiz@am53.com.br sent sucessfully, Recruiter: Fernanda Ruiz, Techonology: frontend
2025-01-15 14:55:40,252 - automation-to-send-curriculum-web - INFO - E-mail: vagas@triplano.games sent sucessfully, Recruiter: Camila Bock, Techonology: fullstack
2025-01-15 14:56:39,665 - automation-to-send-curriculum-web - INFO - E-mail: beatriz.belens@verx.com.br sent sucessfully, Recruiter: Beatriz, Techonology: node
2025-01-15 14:57:38,594 - automation-to-send-curriculum-web - INFO - E-mail: mairasorge@yahoo.com.br sent sucessfully, Recruiter: Maira Sorge, Techonology: node
2025-01-15 14:58:37,638 - automation-to-send-curriculum-web - INFO - E-mail: sejaiport@iportsolutions.com.br sent sucessfully, Recruiter: Recrutador(a), Techonology: fullstack
2025-01-15 14:59:36,448 - automation-to-send-curriculum-web - INFO - E-mail: leticia.silva@opah.com.br sent sucessfully, Recruiter: Let√≠cia Fonseca, Techonology: node
2025-01-15 14:59:38,452 - automation-to-send-curriculum-web - INFO - File moved from C:\github\joaoG23\pessoal\Automation-to-send-curriculum\web\import\jobs.csv to C:\github\joaoG23\pessoal\Automation-to-send-curriculum\web\exported\20250115144551.csv
2025-01-15 14:59:38,452 - automation-to-send-curriculum-web - INFO - Resumes sent with success!14
2025-01-15 16:52:43,631 - automation-to-send-curriculum-web - ERROR - Exception: Traceback (most recent call last):
  File "C:\github\joaoG23\pessoal\Automation-to-send-curriculum\web\__init__.py", line 61, in <module>
    with open(path_file_imports, 'r') as file:
         ^^^^^^^^^^^^^^^^^^^^^^^^^^^^
FileNotFoundError: [Errno 2] No such file or directory: 'C:\\github\\joaoG23\\pessoal\\Automation-to-send-curriculum\\web\\import\\jobs.csv'

2025-01-15 17:00:14,571 - automation-to-send-curriculum-web - INFO - E-mail: contato@sysmov.com.br sent sucessfully, Recruiter: Jorge Luiz, Techonology: fullstack
2025-01-15 17:01:13,628 - automation-to-send-curriculum-web - INFO - E-mail: rh@d3.works sent sucessfully, Recruiter: Recrutador(a), Techonology: fullstack
2025-01-15 17:02:12,177 - automation-to-send-curriculum-web - INFO - E-mail: rh@go2win.com.br sent sucessfully, Recruiter: Sheila Beatriz, Techonology: python
2025-01-15 17:03:10,873 - automation-to-send-curriculum-web - INFO - E-mail: administrativo@mundorevalida.com.br sent sucessfully, Recruiter: Recrutador(a), Techonology: fullstack
2025-01-15 17:04:09,621 - automation-to-send-curriculum-web - INFO - E-mail: rafael.gpereira@g4f.com.br sent sucessfully, Recruiter: Rafael Gomes, Techonology: fullstack
2025-01-15 17:05:08,688 - automation-to-send-curriculum-web - INFO - E-mail: vagas@assuranceit.com.br sent sucessfully, Recruiter: Recrutador(a), Techonology: java
2025-01-15 17:06:07,620 - automation-to-send-curriculum-web - INFO - E-mail: vagas@assuranceit.com.br sent sucessfully, Recruiter: Recrutador(a), Techonology: java
2025-01-15 17:07:06,443 - automation-to-send-curriculum-web - INFO - E-mail: vagas@assuranceit.com.br sent sucessfully, Recruiter: Recrutador(a), Techonology: node
2025-01-15 17:08:05,295 - automation-to-send-curriculum-web - INFO - E-mail: vagas@assuranceit.com.br sent sucessfully, Recruiter: Recrutador(a), Techonology: java
2025-01-15 17:09:04,003 - automation-to-send-curriculum-web - INFO - E-mail: rafael.gpereira@g4f.com.br sent sucessfully, Recruiter: Rafael Gomes, Techonology: python
2025-01-15 17:10:02,589 - automation-to-send-curriculum-web - INFO - E-mail: rafael.gpereira@g4f.com.br sent sucessfully, Recruiter: Rafael Gomes, Techonology: fullstack
2025-01-15 17:11:01,459 - automation-to-send-curriculum-web - INFO - E-mail: rafael.gpereira@g4f.com.br sent sucessfully, Recruiter: Rafael Gomes, Techonology: java
2025-01-15 17:12:00,369 - automation-to-send-curriculum-web - INFO - E-mail: ana.carolina@pcdmais.com.br sent sucessfully, Recruiter: Ana Carolina, Techonology: fullstack
2025-01-15 17:12:59,033 - automation-to-send-curriculum-web - INFO - E-mail: tamires.silva@gbtsolutions.pt sent sucessfully, Recruiter: Tamires Silva, Techonology: java
2025-01-15 17:13:57,800 - automation-to-send-curriculum-web - INFO - E-mail: aline.lima@metanetsistemas.com.br sent sucessfully, Recruiter: Aline Lima, Techonology: java
2025-01-15 17:14:56,391 - automation-to-send-curriculum-web - INFO - E-mail: consultoria@entrustit.com.br sent sucessfully, Recruiter: Recrutador(a), Techonology: java
2025-01-15 17:15:54,975 - automation-to-send-curriculum-web - INFO - E-mail: mariane.borondi@gateware.com.br sent sucessfully, Recruiter: Mariane, Techonology: frontend
2025-01-15 17:16:53,663 - automation-to-send-curriculum-web - INFO - E-mail: raquel.justo@kstack.com.br sent sucessfully, Recruiter: Raquel Justo, Techonology: java
2025-01-15 17:17:52,319 - automation-to-send-curriculum-web - INFO - E-mail: gteles@k2partnering.com sent sucessfully, Recruiter: Recrutador(a), Techonology: fullstack
2025-01-15 17:18:51,265 - automation-to-send-curriculum-web - INFO - E-mail: deborah@bluesix.com.br sent sucessfully, Recruiter: Deborah, Techonology: node
2025-01-15 17:18:53,269 - automation-to-send-curriculum-web - INFO - File moved from C:\github\joaoG23\pessoal\Automation-to-send-curriculum\web\import\jobs.csv to C:\github\joaoG23\pessoal\Automation-to-send-curriculum\web\exported\20250115165915.csv
2025-01-15 17:18:53,269 - automation-to-send-curriculum-web - INFO - Resumes sent with success!20
2025-01-16 17:22:57,992 - automation-to-send-curriculum-web - INFO - E-mail: bruna@moot.com.br  sent sucessfully, Recruiter: Bruna, Techonology: frontend
2025-01-16 17:23:58,169 - automation-to-send-curriculum-web - INFO - E-mail: bruna@moot.com.br  sent sucessfully, Recruiter: Recrutador(a), Techonology: fullstack
2025-01-16 17:24:58,225 - automation-to-send-curriculum-web - INFO - E-mail: banco.talentos@acessorias.com sent sucessfully, Recruiter: Samuel, Techonology: fullstack
2025-01-16 17:25:58,871 - automation-to-send-curriculum-web - INFO - E-mail: banco.talentos@acessorias.com sent sucessfully, Recruiter: Samuel, Techonology: python
2025-01-16 17:26:58,916 - automation-to-send-curriculum-web - INFO - E-mail: daniela.faria@avuke.com.br sent sucessfully, Recruiter: Daniela Faria, Techonology: frontend
2025-01-16 17:27:58,859 - automation-to-send-curriculum-web - INFO - E-mail: bruna.ferreira@squadra.com.br sent sucessfully, Recruiter: Bruna Ferreira, Techonology: frontend
2025-01-16 17:28:59,224 - automation-to-send-curriculum-web - INFO - E-mail: joyce.lima@sysmap.com.br sent sucessfully, Recruiter: Joyce Lima, Techonology: java
2025-01-16 17:29:59,105 - automation-to-send-curriculum-web - INFO - E-mail: vagas@innolevels.com.br sent sucessfully, Recruiter: Marina Lima, Techonology: python
2025-01-16 17:30:01,114 - automation-to-send-curriculum-web - INFO - File moved from C:\github\joaoG23\pessoal\Automation-to-send-curriculum\web\import\jobs.csv to C:\github\joaoG23\pessoal\Automation-to-send-curriculum\web\exported\20250116172157.csv
2025-01-16 17:30:01,114 - automation-to-send-curriculum-web - INFO - Resumes sent with success!8
2025-01-17 11:30:23,877 - automation-to-send-curriculum-web - ERROR - Exception: Traceback (most recent call last):
  File "C:\github\joaoG23\pessoal\Automation-to-send-curriculum\web\__init__.py", line 63, in <module>
    list_file = list(file_read)
               ^^^^^^^^^^^^^^^
  File "C:\Users\joaog\AppData\Local\Programs\Python\Python312\Lib\encodings\cp1252.py", line 23, in decode
    return codecs.charmap_decode(input,self.errors,decoding_table)[0]
           ^^^^^^^^^^^^^^^^^^^^^^^^^^^^^^^^^^^^^^^^^^^^^^^^^^^^^^^
UnicodeDecodeError: 'charmap' codec can't decode byte 0x81 in position 312: character maps to <undefined>

2025-01-17 11:31:58,173 - automation-to-send-curriculum-web - ERROR - Exception: Traceback (most recent call last):
  File "C:\github\joaoG23\pessoal\Automation-to-send-curriculum\web\__init__.py", line 63, in <module>
    list_file = list(file_read)
               ^^^^^^^^^^^^^^^
  File "C:\Users\joaog\AppData\Local\Programs\Python\Python312\Lib\encodings\cp1252.py", line 23, in decode
    return codecs.charmap_decode(input,self.errors,decoding_table)[0]
           ^^^^^^^^^^^^^^^^^^^^^^^^^^^^^^^^^^^^^^^^^^^^^^^^^^^^^^^
UnicodeDecodeError: 'charmap' codec can't decode byte 0x81 in position 309: character maps to <undefined>

2025-01-17 11:34:03,319 - automation-to-send-curriculum-web - ERROR - Exception: Traceback (most recent call last):
  File "C:\github\joaoG23\pessoal\Automation-to-send-curriculum\web\__init__.py", line 63, in <module>
    list_file = list(file_read)
               ^^^^^^^^^^^^^^^
_csv.Error: iterator should return strings, not bytes (the file should be opened in text mode)

2025-01-17 11:59:27,455 - automation-to-send-curriculum-web - ERROR - Exception: Traceback (most recent call last):
  File "C:\github\joaoG23\pessoal\Automation-to-send-curriculum\web\__init__.py", line 62, in <module>
    file_read = csv.reader(file, delimiter=';' ,encoding='utf-8')
                ^^^^^^^^^^^^^^^^^^^^^^^^^^^^^^^^^^^^^^^^^^^^^^^^^
TypeError: 'encoding' is an invalid keyword argument for this function

2025-01-17 12:01:56,486 - automation-to-send-curriculum-web - INFO - E-mail: valeria.campaner@govone.digital sent sucessfully, Recruiter: Valeria, Techonology: fullstack
2025-01-17 12:02:56,848 - automation-to-send-curriculum-web - INFO - E-mail: alexsandra.souza@govone.digital sent sucessfully, Recruiter: Alexsandra, Techonology: fullstack
2025-01-17 12:03:56,822 - automation-to-send-curriculum-web - INFO - E-mail: administrativo@petize.com.br sent sucessfully, Recruiter: Recrutador(a), Techonology: python
2025-01-17 12:03:58,831 - automation-to-send-curriculum-web - INFO - File moved from C:\github\joaoG23\pessoal\Automation-to-send-curriculum\web\import\jobs.csv to C:\github\joaoG23\pessoal\Automation-to-send-curriculum\web\exported\20250117120055.csv
2025-01-17 12:03:58,831 - automation-to-send-curriculum-web - INFO - Resumes sent with success!3
2025-01-18 11:34:14,547 - automation-to-send-curriculum-web - INFO - E-mail: rh@bluesix.com.br sent sucessfully, Recruiter: Isadora Santana, Techonology: python
2025-01-18 11:35:13,315 - automation-to-send-curriculum-web - INFO - E-mail: rh@bluesix.com.br sent sucessfully, Recruiter: Isadora Santana, Techonology: python
2025-01-18 11:36:12,097 - automation-to-send-curriculum-web - INFO - E-mail: rh@bluesix.com.br sent sucessfully, Recruiter: Isadora Santana, Techonology: python
2025-01-18 11:37:10,636 - automation-to-send-curriculum-web - INFO - E-mail: flavia.fraga@squadra.com.br sent sucessfully, Recruiter: Ana Fl·via, Techonology: java
2025-01-18 11:38:09,145 - automation-to-send-curriculum-web - INFO - E-mail: flavia.fraga@squadra.com.br sent sucessfully, Recruiter: Ana Fl·via, Techonology: fullstack
2025-01-18 11:39:08,215 - automation-to-send-curriculum-web - INFO - E-mail: rh@multi24h.com.br sent sucessfully, Recruiter: Emily Pires, Techonology: java
2025-01-18 11:39:10,220 - automation-to-send-curriculum-web - INFO - File moved from C:\github\joaoG23\pessoal\Automation-to-send-curriculum\web\import\jobs.csv to C:\github\joaoG23\pessoal\Automation-to-send-curriculum\web\exported\20250118113314.csv
2025-01-18 11:39:10,220 - automation-to-send-curriculum-web - INFO - Resumes sent with success!6
2025-01-20 20:43:07,452 - automation-to-send-curriculum-web - INFO - E-mail: vagas@assuranceit.com.br sent sucessfully, Recruiter: Recrutador(a), Techonology: python
2025-01-20 20:44:08,052 - automation-to-send-curriculum-web - INFO - E-mail: vagas@assuranceit.com.br sent sucessfully, Recruiter: Recrutador(a), Techonology: python
2025-01-20 20:45:08,384 - automation-to-send-curriculum-web - INFO - E-mail: recrutamento@brhconsult.com.br sent sucessfully, Recruiter: Recrutador(a), Techonology: fullstack
2025-01-20 20:46:08,817 - automation-to-send-curriculum-web - INFO - E-mail: carol@piquini.com.br sent sucessfully, Recruiter: Recrutador(a), Techonology: fullstack
2025-01-20 20:47:09,059 - automation-to-send-curriculum-web - INFO - E-mail: rh@buni.digital sent sucessfully, Recruiter: Recrutador(a), Techonology: fullstack
2025-01-20 20:48:09,201 - automation-to-send-curriculum-web - INFO - E-mail: rh@uniweld.com.br sent sucessfully, Recruiter: Recrutador(a), Techonology: fullstack
2025-01-20 20:48:11,208 - automation-to-send-curriculum-web - INFO - File moved from C:\github\joaoG23\pessoal\Automation-to-send-curriculum\web\import\jobs.csv to C:\github\joaoG23\pessoal\Automation-to-send-curriculum\web\exported\20250120204206.csv
2025-01-20 20:48:11,208 - automation-to-send-curriculum-web - INFO - Resumes sent with success!6
2025-01-27 10:42:54,327 - automation-to-send-curriculum-web - INFO - E-mail: recrutamento@bihands.com.br sent sucessfully, Recruiter: Recrutador(a), Techonology: frontend
2025-01-27 10:43:53,137 - automation-to-send-curriculum-web - INFO - E-mail: vagas@e-deploy.com.br sent sucessfully, Recruiter: Recrutador(a), Techonology: python
2025-01-27 10:44:51,980 - automation-to-send-curriculum-web - INFO - E-mail: paloma.rodrigues@cbyk.com.br sent sucessfully, Recruiter: Paloma Rodrigues, Techonology: java
2025-01-27 10:45:50,834 - automation-to-send-curriculum-web - INFO - E-mail: ana.zaqueu@foursys.com.br sent sucessfully, Recruiter: Ana Zaqueu, Techonology: java
2025-01-27 10:46:49,460 - automation-to-send-curriculum-web - INFO - E-mail: rh@multi24h.com.br sent sucessfully, Recruiter: Emily Pires, Techonology: java
2025-01-27 10:47:48,635 - automation-to-send-curriculum-web - INFO - E-mail: marisa.cardilli@200dev.com sent sucessfully, Recruiter: Marisa, Techonology: node
2025-01-27 10:48:47,483 - automation-to-send-curriculum-web - INFO - E-mail: curriculo@privacytools.com.br sent sucessfully, Recruiter: Marison Souza, Techonology: frontend
2025-01-27 10:48:49,491 - automation-to-send-curriculum-web - INFO - File moved from C:\github\joaoG23\pessoal\Automation-to-send-curriculum\web\import\jobs.csv to C:\github\joaoG23\pessoal\Automation-to-send-curriculum\web\exported\20250127104154.csv
2025-01-27 10:48:49,491 - automation-to-send-curriculum-web - INFO - Resumes sent with success!7
2025-02-04 12:38:03,478 - automation-to-send-curriculum-web - INFO - E-mail: yohan.limapo@kstack.com.br sent sucessfully, Recruiter: Yohan, Techonology: java
2025-02-04 12:39:03,617 - automation-to-send-curriculum-web - INFO - E-mail: banco.talentos@acessorias.com sent sucessfully, Recruiter: Samuel, Techonology: fullstack
2025-02-04 12:40:02,526 - automation-to-send-curriculum-web - INFO - E-mail: beatriz.lopes@codegroup.com.br sent sucessfully, Recruiter: Beatriz Lopez, Techonology: java
2025-02-04 12:40:04,530 - automation-to-send-curriculum-web - INFO - File moved from C:\github\joaoG23\pessoal\Automation-to-send-curriculum\web\import\jobs.csv to C:\github\joaoG23\pessoal\Automation-to-send-curriculum\web\exported\20250204123704.csv
2025-02-04 12:40:04,530 - automation-to-send-curriculum-web - INFO - Resumes sent with success!3
2025-02-11 19:39:10,574 - automation-to-send-curriculum-web - INFO - E-mail: devalphahouse@gmail.com sent sucessfully, Recruiter: Recrutador(a), Techonology: python
2025-02-11 19:40:13,093 - automation-to-send-curriculum-web - INFO - E-mail: recrutamento@getitalent.com sent sucessfully, Recruiter: Recrutador(a), Techonology: java
2025-02-11 19:41:14,504 - automation-to-send-curriculum-web - INFO - E-mail: patricia.rodrigues@pswdigital.com.br sent sucessfully, Recruiter: Patricia Rodrigues, Techonology: frontend
2025-02-11 19:42:15,956 - automation-to-send-curriculum-web - INFO - E-mail: patricia.rodrigues@pswdigital.com.br sent sucessfully, Recruiter: Patricia Rodrigues, Techonology: python
2025-02-11 19:43:16,882 - automation-to-send-curriculum-web - INFO - E-mail: rafael.gpereira@g4f.com.br sent sucessfully, Recruiter: Rafael, Techonology: java
2025-02-11 19:43:18,894 - automation-to-send-curriculum-web - INFO - File moved from C:\github\joaoG23\pessoal\Automation-to-send-curriculum\web\import\jobs.csv to C:\github\joaoG23\pessoal\Automation-to-send-curriculum\web\exported\20250211193807.csv
2025-02-11 19:43:18,895 - automation-to-send-curriculum-web - INFO - Resumes sent with success!5
2025-02-14 20:10:15,435 - automation-to-send-curriculum-web - INFO - E-mail: devalphahouse@gmail.com sent sucessfully, Recruiter: Recrutador(a), Techonology: python
2025-02-14 20:11:18,275 - automation-to-send-curriculum-web - INFO - E-mail: recrutamento@getitalent.com sent sucessfully, Recruiter: Recrutador(a), Techonology: java
2025-02-14 20:12:21,352 - automation-to-send-curriculum-web - INFO - E-mail: patricia.rodrigues@pswdigital.com.br sent sucessfully, Recruiter: Patricia Rodrigues, Techonology: frontend
2025-02-14 20:13:23,770 - automation-to-send-curriculum-web - INFO - E-mail: patricia.rodrigues@pswdigital.com.br sent sucessfully, Recruiter: Patricia Rodrigues, Techonology: python
2025-02-14 20:14:26,403 - automation-to-send-curriculum-web - INFO - E-mail: rafael.gpereira@g4f.com.br sent sucessfully, Recruiter: Rafael, Techonology: java
2025-02-14 20:15:28,653 - automation-to-send-curriculum-web - INFO - E-mail: contato@coffstack.com sent sucessfully, Recruiter: Lucas Garcez, Techonology: frontend
2025-02-14 20:15:30,666 - automation-to-send-curriculum-web - INFO - File moved from C:\github\joaoG23\pessoal\Automation-to-send-curriculum\web\import\jobs.csv to C:\github\joaoG23\pessoal\Automation-to-send-curriculum\web\exported\20250214200911.csv
2025-02-14 20:15:30,666 - automation-to-send-curriculum-web - INFO - Resumes sent with success!6
2025-02-15 21:03:15,055 - automation-to-send-curriculum-web - INFO - E-mail: webdev@fracassi.tech sent sucessfully, Recruiter: Recrutador(a), Techonology: frontend
2025-02-15 21:04:16,736 - automation-to-send-curriculum-web - INFO - E-mail: Lucas.affonso@freedomai.com.br sent sucessfully, Recruiter: Lucas, Techonology: frontend
2025-02-15 21:05:18,262 - automation-to-send-curriculum-web - INFO - E-mail: rh@gtisolution.com.br sent sucessfully, Recruiter: Carlos Eduardo, Techonology: java
2025-02-15 21:06:19,709 - automation-to-send-curriculum-web - INFO - E-mail: eduarda.tacidelli@proa.ai sent sucessfully, Recruiter: Eduarda Tacidelli, Techonology: fullstack
2025-02-15 21:06:21,715 - automation-to-send-curriculum-web - INFO - File moved from C:\github\joaoG23\pessoal\Automation-to-send-curriculum\web\import\jobs.csv to C:\github\joaoG23\pessoal\Automation-to-send-curriculum\web\exported\20250215210212.csv
2025-02-15 21:06:21,715 - automation-to-send-curriculum-web - INFO - Resumes sent with success!4
2025-02-19 21:24:28,583 - automation-to-send-curriculum-web - INFO - E-mail: admnistrarcondominio@gmail.com sent sucessfully, Recruiter: Recrutador(a), Techonology: java
2025-02-19 21:25:32,631 - automation-to-send-curriculum-web - INFO - E-mail: rh@primova.com.br sent sucessfully, Recruiter: DÈbora Ng, Techonology: fullstack
2025-02-19 21:25:34,640 - automation-to-send-curriculum-web - INFO - File moved from C:\github\joaoG23\pessoal\Automation-to-send-curriculum\web\import\jobs.csv to C:\github\joaoG23\pessoal\Automation-to-send-curriculum\web\exported\20250219212322.csv
2025-02-19 21:25:34,641 - automation-to-send-curriculum-web - INFO - Resumes sent with success!2
2025-03-06 08:30:00,934 - automation-to-send-curriculum-web - ERROR - WebDriverException: Traceback (most recent call last):
  File "N:\github\Automation-to-send-curriculum\web\__init__.py", line 71, in <module>
    send_email_for_job(driver, row, index_box_message_email)
  File "N:\github\Automation-to-send-curriculum\web\send_emails\send_email_for_job.py", line 71, in send_email_for_job
    add_attachment_resume(driver, tech)
  File "N:\github\Automation-to-send-curriculum\web\send_emails\add_attachment_resume\add_attachment_resume.py", line 17, in add_attachment_resume
    attachment_file.send_keys(main_path + "\\joao-guilherme-desenvolvedor-java.pdf")
  File "N:\Users\joaog\AppData\Local\Programs\Python\Python312\Lib\site-packages\selenium\webdriver\remote\webelement.py", line 301, in send_keys
    self._execute(
  File "N:\Users\joaog\AppData\Local\Programs\Python\Python312\Lib\site-packages\selenium\webdriver\remote\webelement.py", line 570, in _execute
    return self._parent.execute(command, params)
           ^^^^^^^^^^^^^^^^^^^^^^^^^^^^^^^^^^^^^
  File "N:\Users\joaog\AppData\Local\Programs\Python\Python312\Lib\site-packages\selenium\webdriver\remote\webdriver.py", line 429, in execute
    self.error_handler.check_response(response)
  File "N:\Users\joaog\AppData\Local\Programs\Python\Python312\Lib\site-packages\selenium\webdriver\remote\errorhandler.py", line 232, in check_response
    raise exception_class(message, screen, stacktrace)
selenium.common.exceptions.InvalidArgumentException: Message: invalid argument: File not found : C:\github\joaoG23\pessoal\Automation-to-send-curriculum\web\resumes\joao-guilherme-desenvolvedor-java.pdf
  (Session info: MicrosoftEdge=133.0.3065.92)
Stacktrace:
	GetHandleVerifier [0x00007FF6E9A6E735+13397]
	Microsoft::Applications::Events::EventProperty::empty [0x00007FF6E9CFB234+2060404]
	Microsoft::Applications::Events::EventProperty::empty [0x00007FF6E9C52338+1368440]
	(No symbol) [0x00007FF6E983D794]
	(No symbol) [0x00007FF6E986425A]
	(No symbol) [0x00007FF6E983964D]
	(No symbol) [0x00007FF6E983950D]
	(No symbol) [0x00007FF6E9864520]
	(No symbol) [0x00007FF6E983964D]
	(No symbol) [0x00007FF6E9881C00]
	(No symbol) [0x00007FF6E9863FC3]
	(No symbol) [0x00007FF6E9838B96]
	(No symbol) [0x00007FF6E9837E50]
	(No symbol) [0x00007FF6E98389C3]
	(No symbol) [0x00007FF6E98C0214]
	(No symbol) [0x00007FF6E99506CF]
	(No symbol) [0x00007FF6E98C3A53]
	Microsoft::Applications::Events::EventProperty::to_string [0x00007FF6E9DB463D+279981]
	simdutf::get_active_implementation [0x00007FF6E99F78C1+409425]
	simdutf::get_active_implementation [0x00007FF6E99F2BA4+389684]
	simdutf::get_active_implementation [0x00007FF6E99F2CE9+390009]
	simdutf::get_active_implementation [0x00007FF6E99E62E6+338294]
	BaseThreadInitThunk [0x00007FF9707C259D+29]
	RtlUserThreadStart [0x00007FF97166AF38+40]


2025-03-06 10:00:45,393 - automation-to-send-curriculum-web - INFO - E-mail: selecao@waz.com.br sent sucessfully, Recruiter: Recrutador(a), Techonology: tecnico_informatica
2025-03-06 10:01:48,351 - automation-to-send-curriculum-web - INFO - E-mail: dp@semax.eng.br sent sucessfully, Recruiter: Recrutador(a), Techonology: java
2025-03-06 10:02:51,626 - automation-to-send-curriculum-web - INFO - E-mail: rafael.gpereira@g4f.com.br sent sucessfully, Recruiter: Raffael Pereira, Techonology: java
2025-03-06 10:02:53,633 - automation-to-send-curriculum-web - INFO - File moved from N:\github\Automation-to-send-curriculum\web\import\jobs.csv to N:\github\Automation-to-send-curriculum\web\exported\20250306095942.csv
2025-03-06 10:02:53,633 - automation-to-send-curriculum-web - INFO - Resumes sent with success!3
2025-03-14 20:37:58,672 - automation-to-send-curriculum-web - INFO - E-mail: contato@evollux.app sent sucessfully, Recruiter: Recrutador(a), Techonology: node
2025-03-14 20:39:01,533 - automation-to-send-curriculum-web - INFO - E-mail: bruna.cardoso@cwi.com.br  sent sucessfully, Recruiter: Bruno, Techonology: java
2025-03-14 20:40:04,129 - automation-to-send-curriculum-web - INFO - E-mail: vagas@innolevels.com.br sent sucessfully, Recruiter: Recrutador(a), Techonology: java
2025-03-14 20:41:08,171 - automation-to-send-curriculum-web - INFO - E-mail: dani.fedoce@multi.bet.br sent sucessfully, Recruiter: Daniele Fedoce, Techonology: node
2025-03-14 20:42:11,139 - automation-to-send-curriculum-web - INFO - E-mail: karina.lacerda@getitalent.com.br sent sucessfully, Recruiter: Karina Lacerda, Techonology: frontend
2025-03-14 20:43:14,396 - automation-to-send-curriculum-web - INFO - E-mail: karina.lacerda@getitalent.com.br sent sucessfully, Recruiter: Karina Lacerda, Techonology: fullstack
2025-03-14 20:43:16,402 - automation-to-send-curriculum-web - INFO - File moved from N:\github\Automation-to-send-curriculum\web\import\jobs.csv to N:\github\Automation-to-send-curriculum\web\exported\20250314203655.csv
2025-03-14 20:43:16,402 - automation-to-send-curriculum-web - INFO - Resumes sent with success!6
2025-03-17 19:49:21,564 - automation-to-send-curriculum-web - INFO - E-mail: joao.dutra.souza@tjmg.jus.br sent sucessfully, Recruiter: Jo„o Dutra, Techonology: python
2025-03-17 19:50:24,653 - automation-to-send-curriculum-web - INFO - E-mail: rafael.gpereira@g4f.com.br sent sucessfully, Recruiter: Rafael Pereira, Techonology: java
2025-03-17 19:50:26,673 - automation-to-send-curriculum-web - INFO - File moved from N:\github\Automation-to-send-curriculum\web\import\jobs.csv to N:\github\Automation-to-send-curriculum\web\exported\20250317194817.csv
2025-03-17 19:50:26,673 - automation-to-send-curriculum-web - INFO - Resumes sent with success!2
2025-05-12 14:44:40,324 - automation-to-send-curriculum-web - INFO - E-mail: leonardo.pimentel@entrustit.com.br sent sucessfully, Recruiter: Recrutador(a), Techonology: node
2025-05-12 14:45:41,858 - automation-to-send-curriculum-web - INFO - E-mail: vagas@mblabs.com.br  sent sucessfully, Recruiter: Juliana Reis, Techonology: frontend
2025-05-12 14:46:43,312 - automation-to-send-curriculum-web - INFO - E-mail: vagas@dinamio.com.br sent sucessfully, Recruiter: Maria Eduarda, Techonology: fullstack
2025-05-12 14:46:45,330 - automation-to-send-curriculum-web - INFO - File moved from N:\github\Automation-to-send-curriculum\web\import\jobs.csv to N:\github\Automation-to-send-curriculum\web\exported\20250512144338.csv
2025-05-12 14:46:45,330 - automation-to-send-curriculum-web - INFO - Resumes sent with success!3
2025-05-13 20:38:57,897 - automation-to-send-curriculum-web - INFO - E-mail: angelica.bernardes@umgrauemeio.com sent sucessfully, Recruiter: Recrutador(a), Techonology: fullstack
2025-05-13 20:38:59,932 - automation-to-send-curriculum-web - INFO - File moved from N:\github\Automation-to-send-curriculum\web\import\jobs.csv to N:\github\Automation-to-send-curriculum\web\exported\20250513203754.csv
2025-05-13 20:38:59,932 - automation-to-send-curriculum-web - INFO - Resumes sent with success!1
2025-05-19 20:14:45,467 - automation-to-send-curriculum-web - ERROR - WebDriverException: Traceback (most recent call last):
  File "N:\github\Automation-to-send-curriculum\web\__init__.py", line 70, in <module>
    send_email_for_job(driver, row, index_box_message_email)
  File "N:\github\Automation-to-send-curriculum\web\send_emails\send_email_for_job.py", line 71, in send_email_for_job
    add_attachment_resume(driver, tech)
  File "N:\github\Automation-to-send-curriculum\web\send_emails\add_attachment_resume\add_attachment_resume.py", line 12, in add_attachment_resume
    attachment_file = WebDriverWait(driver, 15).until(
                      ^^^^^^^^^^^^^^^^^^^^^^^^^^^^^^^^
  File "N:\Users\joaog\AppData\Local\Programs\Python\Python312\Lib\site-packages\selenium\webdriver\support\wait.py", line 137, in until
    value = method(self._driver)
            ^^^^^^^^^^^^^^^^^^^^
  File "N:\Users\joaog\AppData\Local\Programs\Python\Python312\Lib\site-packages\selenium\webdriver\support\expected_conditions.py", line 110, in _predicate
    return driver.find_element(*locator)
           ^^^^^^^^^^^^^^^^^^^^^^^^^^^^^
  File "N:\Users\joaog\AppData\Local\Programs\Python\Python312\Lib\site-packages\selenium\webdriver\remote\webdriver.py", line 888, in find_element
    return self.execute(Command.FIND_ELEMENT, {"using": by, "value": value})["value"]
           ^^^^^^^^^^^^^^^^^^^^^^^^^^^^^^^^^^^^^^^^^^^^^^^^^^^^^^^^^^^^^^^^^
  File "N:\Users\joaog\AppData\Local\Programs\Python\Python312\Lib\site-packages\selenium\webdriver\remote\webdriver.py", line 429, in execute
    self.error_handler.check_response(response)
  File "N:\Users\joaog\AppData\Local\Programs\Python\Python312\Lib\site-packages\selenium\webdriver\remote\errorhandler.py", line 232, in check_response
    raise exception_class(message, screen, stacktrace)
selenium.common.exceptions.InvalidSessionIdException: Message: invalid session id: session deleted as the browser has closed the connection
from disconnected: not connected to DevTools
  (Session info: MicrosoftEdge=136.0.3240.76)
Stacktrace:
	GetHandleVerifier [0x00007FF7BD37F965+25029]
	(No symbol) [0x00007FF7BD2D4970]
	Microsoft::Applications::Events::EventProperty::to_string [0x00007FF7BD5DAA6A+1947706]
	(No symbol) [0x00007FF7BD08B790]
	(No symbol) [0x00007FF7BD0AA10A]
	(No symbol) [0x00007FF7BD10ED27]
	(No symbol) [0x00007FF7BD12609A]
	(No symbol) [0x00007FF7BD108DF3]
	(No symbol) [0x00007FF7BD0DD6A6]
	(No symbol) [0x00007FF7BD0DCBB3]
	(No symbol) [0x00007FF7BD0DD4D3]
	(No symbol) [0x00007FF7BD1E5F0D]
	(No symbol) [0x00007FF7BD1F3AAF]
	(No symbol) [0x00007FF7BD1EC49F]
	Microsoft::Applications::Events::EventProperty::to_string [0x00007FF7BD444A1A+284650]
	(No symbol) [0x00007FF7BD2E2301]
	(No symbol) [0x00007FF7BD2DADA4]
	(No symbol) [0x00007FF7BD2DAEF3]
	(No symbol) [0x00007FF7BD2CCB36]
	BaseThreadInitThunk [0x00007FFA11F6E8D7+23]
	RtlUserThreadStart [0x00007FFA13CDC5DC+44]


2025-05-19 20:20:11,791 - automation-to-send-curriculum-web - ERROR - WebDriverException: Traceback (most recent call last):
  File "N:\github\Automation-to-send-curriculum\web\__init__.py", line 70, in <module>
    send_email_for_job(driver, row, index_box_message_email)
  File "N:\github\Automation-to-send-curriculum\web\send_emails\send_email_for_job.py", line 50, in send_email_for_job
    destination_email_input.send_keys(email)
  File "N:\Users\joaog\AppData\Local\Programs\Python\Python312\Lib\site-packages\selenium\webdriver\remote\webelement.py", line 301, in send_keys
    self._execute(
  File "N:\Users\joaog\AppData\Local\Programs\Python\Python312\Lib\site-packages\selenium\webdriver\remote\webelement.py", line 570, in _execute
    return self._parent.execute(command, params)
           ^^^^^^^^^^^^^^^^^^^^^^^^^^^^^^^^^^^^^
  File "N:\Users\joaog\AppData\Local\Programs\Python\Python312\Lib\site-packages\selenium\webdriver\remote\webdriver.py", line 429, in execute
    self.error_handler.check_response(response)
  File "N:\Users\joaog\AppData\Local\Programs\Python\Python312\Lib\site-packages\selenium\webdriver\remote\errorhandler.py", line 232, in check_response
    raise exception_class(message, screen, stacktrace)
selenium.common.exceptions.StaleElementReferenceException: Message: stale element reference: stale element not found in the current frame
  (Session info: MicrosoftEdge=136.0.3240.76); For documentation on this error, please visit: https://www.selenium.dev/documentation/webdriver/troubleshooting/errors#stale-element-reference-exception
Stacktrace:
	GetHandleVerifier [0x00007FF7BD37F965+25029]
	(No symbol) [0x00007FF7BD2D4970]
	Microsoft::Applications::Events::EventProperty::to_string [0x00007FF7BD5DAA6A+1947706]
	(No symbol) [0x00007FF7BD0A230C]
	(No symbol) [0x00007FF7BD0A4B9C]
	(No symbol) [0x00007FF7BD0A4C6F]
	(No symbol) [0x00007FF7BD0E8C83]
	(No symbol) [0x00007FF7BD0E8B93]
	(No symbol) [0x00007FF7BD0E8D26]
	(No symbol) [0x00007FF7BD0E13D2]
	(No symbol) [0x00007FF7BD10908A]
	(No symbol) [0x00007FF7BD0DE15D]
	(No symbol) [0x00007FF7BD0DE01D]
	(No symbol) [0x00007FF7BD109350]
	(No symbol) [0x00007FF7BD0DE15D]
	(No symbol) [0x00007FF7BD126698]
	(No symbol) [0x00007FF7BD108DF3]
	(No symbol) [0x00007FF7BD0DD6A6]
	(No symbol) [0x00007FF7BD0DCBB3]
	(No symbol) [0x00007FF7BD0DD4D3]
	(No symbol) [0x00007FF7BD1E5F0D]
	(No symbol) [0x00007FF7BD1F3AAF]
	(No symbol) [0x00007FF7BD1EC49F]
	Microsoft::Applications::Events::EventProperty::to_string [0x00007FF7BD444A1A+284650]
	(No symbol) [0x00007FF7BD2E2301]
	(No symbol) [0x00007FF7BD2DADA4]
	(No symbol) [0x00007FF7BD2DAEF3]
	(No symbol) [0x00007FF7BD2CCB36]
	BaseThreadInitThunk [0x00007FFA11F6E8D7+23]
	RtlUserThreadStart [0x00007FFA13CDC5DC+44]


2025-05-19 20:21:46,228 - automation-to-send-curriculum-web - INFO - E-mail: lilian.costa@alleasy.com.br sent sucessfully, Recruiter: Lilian Costa, Techonology: node
2025-05-19 20:22:47,743 - automation-to-send-curriculum-web - INFO - E-mail: contato@devvo.com.br sent sucessfully, Recruiter: Recrutador(a), Techonology: fullstack
2025-05-19 20:22:49,767 - automation-to-send-curriculum-web - INFO - File moved from N:\github\Automation-to-send-curriculum\web\import\jobs.csv to N:\github\Automation-to-send-curriculum\web\exported\20250519202044.csv
2025-05-19 20:22:49,767 - automation-to-send-curriculum-web - INFO - Resumes sent with success!2
2025-05-20 10:49:59,710 - automation-to-send-curriculum-web - INFO - E-mail: stephanie@jedis.com.br sent sucessfully, Recruiter: Recrutador(a), Techonology: frontend
2025-05-20 10:51:01,176 - automation-to-send-curriculum-web - INFO - E-mail: stephanie@jedis.com.br sent sucessfully, Recruiter: Recrutador(a), Techonology: node
2025-05-20 10:51:03,187 - automation-to-send-curriculum-web - INFO - File moved from N:\github\Automation-to-send-curriculum\web\import\jobs.csv to N:\github\Automation-to-send-curriculum\web\exported\20250520104857.csv
2025-05-20 10:51:03,187 - automation-to-send-curriculum-web - INFO - Resumes sent with success!2
2025-05-29 11:44:56,354 - automation-to-send-curriculum-web - INFO - E-mail: fabiana.cavalcante@gigroup.com sent sucessfully, Recruiter: Fabiana, Techonology: fullstack
2025-05-29 11:44:58,392 - automation-to-send-curriculum-web - INFO - File moved from N:\github\Automation-to-send-curriculum\web\import\jobs.csv to N:\github\Automation-to-send-curriculum\web\exported\20250529114354.csv
2025-05-29 11:44:58,392 - automation-to-send-curriculum-web - INFO - Resumes sent with success!1
